Archive member included to satisfy reference by file (symbol)

/opt/st/stm32cubeide_1.18.1/plugins/com.st.stm32cube.ide.mcu.externaltools.gnu-tools-for-stm32.13.3.rel1.linux64_1.0.0.202410170706/tools/bin/../lib/gcc/arm-none-eabi/13.3.1/../../../../arm-none-eabi/lib/thumb/v7e-m+fp/hard/libc_nano.a(libc_a-exit.o)
                              /opt/st/stm32cubeide_1.18.1/plugins/com.st.stm32cube.ide.mcu.externaltools.gnu-tools-for-stm32.13.3.rel1.linux64_1.0.0.202410170706/tools/bin/../lib/gcc/arm-none-eabi/13.3.1/../../../../arm-none-eabi/lib/thumb/v7e-m+fp/hard/crt0.o (exit)
/opt/st/stm32cubeide_1.18.1/plugins/com.st.stm32cube.ide.mcu.externaltools.gnu-tools-for-stm32.13.3.rel1.linux64_1.0.0.202410170706/tools/bin/../lib/gcc/arm-none-eabi/13.3.1/../../../../arm-none-eabi/lib/thumb/v7e-m+fp/hard/libc_nano.a(libc_a-findfp.o)
                              /opt/st/stm32cubeide_1.18.1/plugins/com.st.stm32cube.ide.mcu.externaltools.gnu-tools-for-stm32.13.3.rel1.linux64_1.0.0.202410170706/tools/bin/../lib/gcc/arm-none-eabi/13.3.1/../../../../arm-none-eabi/lib/thumb/v7e-m+fp/hard/libc_nano.a(libc_a-exit.o) (__stdio_exit_handler)
/opt/st/stm32cubeide_1.18.1/plugins/com.st.stm32cube.ide.mcu.externaltools.gnu-tools-for-stm32.13.3.rel1.linux64_1.0.0.202410170706/tools/bin/../lib/gcc/arm-none-eabi/13.3.1/../../../../arm-none-eabi/lib/thumb/v7e-m+fp/hard/libc_nano.a(libc_a-fwalk.o)
                              /opt/st/stm32cubeide_1.18.1/plugins/com.st.stm32cube.ide.mcu.externaltools.gnu-tools-for-stm32.13.3.rel1.linux64_1.0.0.202410170706/tools/bin/../lib/gcc/arm-none-eabi/13.3.1/../../../../arm-none-eabi/lib/thumb/v7e-m+fp/hard/libc_nano.a(libc_a-findfp.o) (_fwalk_sglue)
/opt/st/stm32cubeide_1.18.1/plugins/com.st.stm32cube.ide.mcu.externaltools.gnu-tools-for-stm32.13.3.rel1.linux64_1.0.0.202410170706/tools/bin/../lib/gcc/arm-none-eabi/13.3.1/../../../../arm-none-eabi/lib/thumb/v7e-m+fp/hard/libc_nano.a(libc_a-stdio.o)
                              /opt/st/stm32cubeide_1.18.1/plugins/com.st.stm32cube.ide.mcu.externaltools.gnu-tools-for-stm32.13.3.rel1.linux64_1.0.0.202410170706/tools/bin/../lib/gcc/arm-none-eabi/13.3.1/../../../../arm-none-eabi/lib/thumb/v7e-m+fp/hard/libc_nano.a(libc_a-findfp.o) (__sread)
/opt/st/stm32cubeide_1.18.1/plugins/com.st.stm32cube.ide.mcu.externaltools.gnu-tools-for-stm32.13.3.rel1.linux64_1.0.0.202410170706/tools/bin/../lib/gcc/arm-none-eabi/13.3.1/../../../../arm-none-eabi/lib/thumb/v7e-m+fp/hard/libc_nano.a(libc_a-memset.o)
                              /opt/st/stm32cubeide_1.18.1/plugins/com.st.stm32cube.ide.mcu.externaltools.gnu-tools-for-stm32.13.3.rel1.linux64_1.0.0.202410170706/tools/bin/../lib/gcc/arm-none-eabi/13.3.1/../../../../arm-none-eabi/lib/thumb/v7e-m+fp/hard/crt0.o (memset)
/opt/st/stm32cubeide_1.18.1/plugins/com.st.stm32cube.ide.mcu.externaltools.gnu-tools-for-stm32.13.3.rel1.linux64_1.0.0.202410170706/tools/bin/../lib/gcc/arm-none-eabi/13.3.1/../../../../arm-none-eabi/lib/thumb/v7e-m+fp/hard/libc_nano.a(libc_a-closer.o)
                              /opt/st/stm32cubeide_1.18.1/plugins/com.st.stm32cube.ide.mcu.externaltools.gnu-tools-for-stm32.13.3.rel1.linux64_1.0.0.202410170706/tools/bin/../lib/gcc/arm-none-eabi/13.3.1/../../../../arm-none-eabi/lib/thumb/v7e-m+fp/hard/libc_nano.a(libc_a-stdio.o) (_close_r)
/opt/st/stm32cubeide_1.18.1/plugins/com.st.stm32cube.ide.mcu.externaltools.gnu-tools-for-stm32.13.3.rel1.linux64_1.0.0.202410170706/tools/bin/../lib/gcc/arm-none-eabi/13.3.1/../../../../arm-none-eabi/lib/thumb/v7e-m+fp/hard/libc_nano.a(libc_a-reent.o)
                              /opt/st/stm32cubeide_1.18.1/plugins/com.st.stm32cube.ide.mcu.externaltools.gnu-tools-for-stm32.13.3.rel1.linux64_1.0.0.202410170706/tools/bin/../lib/gcc/arm-none-eabi/13.3.1/../../../../arm-none-eabi/lib/thumb/v7e-m+fp/hard/libc_nano.a(libc_a-closer.o) (errno)
/opt/st/stm32cubeide_1.18.1/plugins/com.st.stm32cube.ide.mcu.externaltools.gnu-tools-for-stm32.13.3.rel1.linux64_1.0.0.202410170706/tools/bin/../lib/gcc/arm-none-eabi/13.3.1/../../../../arm-none-eabi/lib/thumb/v7e-m+fp/hard/libc_nano.a(libc_a-impure.o)
                              /opt/st/stm32cubeide_1.18.1/plugins/com.st.stm32cube.ide.mcu.externaltools.gnu-tools-for-stm32.13.3.rel1.linux64_1.0.0.202410170706/tools/bin/../lib/gcc/arm-none-eabi/13.3.1/../../../../arm-none-eabi/lib/thumb/v7e-m+fp/hard/libc_nano.a(libc_a-reent.o) (_impure_ptr)
/opt/st/stm32cubeide_1.18.1/plugins/com.st.stm32cube.ide.mcu.externaltools.gnu-tools-for-stm32.13.3.rel1.linux64_1.0.0.202410170706/tools/bin/../lib/gcc/arm-none-eabi/13.3.1/../../../../arm-none-eabi/lib/thumb/v7e-m+fp/hard/libc_nano.a(libc_a-lseekr.o)
                              /opt/st/stm32cubeide_1.18.1/plugins/com.st.stm32cube.ide.mcu.externaltools.gnu-tools-for-stm32.13.3.rel1.linux64_1.0.0.202410170706/tools/bin/../lib/gcc/arm-none-eabi/13.3.1/../../../../arm-none-eabi/lib/thumb/v7e-m+fp/hard/libc_nano.a(libc_a-stdio.o) (_lseek_r)
[...]
Memory Configuration

Name             Origin             Length             Attributes
CCMRAM           0x10000000         0x00002000         xrw
RAM              0x20000000         0x0000a000         xrw
FLASH            0x08000000         0x00040000         xr
*default*        0x00000000         0xffffffff

Linker script and memory map

LOAD /opt/st/stm32cubeide_1.18.1/plugins/com.st.stm32cube.ide.mcu.externaltools.gnu-tools-for-stm32.13.3.rel1.linux64_1.0.0.202410170706/tools/bin/../lib/gcc/arm-none-eabi/13.3.1/thumb/v7e-m+fp/hard/crti.o
LOAD /opt/st/stm32cubeide_1.18.1/plugins/com.st.stm32cube.ide.mcu.externaltools.gnu-tools-for-stm32.13.3.rel1.linux64_1.0.0.202410170706/tools/bin/../lib/gcc/arm-none-eabi/13.3.1/thumb/v7e-m+fp/hard/crtbegin.o
LOAD /opt/st/stm32cubeide_1.18.1/plugins/com.st.stm32cube.ide.mcu.externaltools.gnu-tools-for-stm32.13.3.rel1.linux64_1.0.0.202410170706/tools/bin/../lib/gcc/arm-none-eabi/13.3.1/../../../../arm-none-eabi/lib/thumb/v7e-m+fp/hard/crt0.o
LOAD ./Core/Src/ILI9341_GFX.o
LOAD ./Core/Src/ILI9341_STM32_Driver.o
LOAD ./Core/Src/ILI9341_Touchscreen.o
LOAD ./Core/Src/fonts.o
LOAD ./Core/Src/main.o
LOAD ./Core/Src/stm32f3xx_hal_msp.o
LOAD ./Core/Src/stm32f3xx_it.o
LOAD ./Core/Src/syscalls.o
LOAD ./Core/Src/sysmem.o
LOAD ./Core/Src/system_stm32f3xx.o
LOAD ./Core/Startup/startup_stm32f303vctx.o
LOAD ./Drivers/STM32F3xx_HAL_Driver/Src/stm32f3xx_hal.o
LOAD ./Drivers/STM32F3xx_HAL_Driver/Src/stm32f3xx_hal_cortex.o
LOAD ./Drivers/STM32F3xx_HAL_Driver/Src/stm32f3xx_hal_dma.o
LOAD ./Drivers/STM32F3xx_HAL_Driver/Src/stm32f3xx_hal_exti.o
LOAD ./Drivers/STM32F3xx_HAL_Driver/Src/stm32f3xx_hal_flash.o
LOAD ./Drivers/STM32F3xx_HAL_Driver/Src/stm32f3xx_hal_flash_ex.o
LOAD ./Drivers/STM32F3xx_HAL_Driver/Src/stm32f3xx_hal_gpio.o
LOAD ./Drivers/STM32F3xx_HAL_Driver/Src/stm32f3xx_hal_i2c.o
LOAD ./Drivers/STM32F3xx_HAL_Driver/Src/stm32f3xx_hal_i2c_ex.o
LOAD ./Drivers/STM32F3xx_HAL_Driver/Src/stm32f3xx_hal_pcd.o
LOAD ./Drivers/STM32F3xx_HAL_Driver/Src/stm32f3xx_hal_pcd_ex.o
LOAD ./Drivers/STM32F3xx_HAL_Driver/Src/stm32f3xx_hal_pwr.o
LOAD ./Drivers/STM32F3xx_HAL_Driver/Src/stm32f3xx_hal_pwr_ex.o
LOAD ./Drivers/STM32F3xx_HAL_Driver/Src/stm32f3xx_hal_rcc.o
LOAD ./Drivers/STM32F3xx_HAL_Driver/Src/stm32f3xx_hal_rcc_ex.o
LOAD ./Drivers/STM32F3xx_HAL_Driver/Src/stm32f3xx_hal_spi.o
LOAD ./Drivers/STM32F3xx_HAL_Driver/Src/stm32f3xx_hal_spi_ex.o
LOAD ./Drivers/STM32F3xx_HAL_Driver/Src/stm32f3xx_hal_uart.o
LOAD ./Drivers/STM32F3xx_HAL_Driver/Src/stm32f3xx_hal_uart_ex.o
LOAD ./Drivers/STM32F3xx_HAL_Driver/Src/stm32f3xx_ll_usb.o
START GROUP
LOAD /opt/st/stm32cubeide_1.18.1/plugins/com.st.stm32cube.ide.mcu.externaltools.gnu-tools-for-stm32.13.3.rel1.linux64_1.0.0.202410170706/tools/bin/../lib/gcc/arm-none-eabi/13.3.1/../../../../arm-none-eabi/lib/thumb/v7e-m+fp/hard/libc_nano.a
LOAD /opt/st/stm32cubeide_1.18.1/plugins/com.st.stm32cube.ide.mcu.externaltools.gnu-tools-for-stm32.13.3.rel1.linux64_1.0.0.202410170706/tools/bin/../lib/gcc/arm-none-eabi/13.3.1/../../../../arm-none-eabi/lib/thumb/v7e-m+fp/hard/libm.a
END GROUP
START GROUP
LOAD /opt/st/stm32cubeide_1.18.1/plugins/com.st.stm32cube.ide.mcu.externaltools.gnu-tools-for-stm32.13.3.rel1.linux64_1.0.0.202410170706/tools/bin/../lib/gcc/arm-none-eabi/13.3.1/thumb/v7e-m+fp/hard/libgcc.a
LOAD /opt/st/stm32cubeide_1.18.1/plugins/com.st.stm32cube.ide.mcu.externaltools.gnu-tools-for-stm32.13.3.rel1.linux64_1.0.0.202410170706/tools/bin/../lib/gcc/arm-none-eabi/13.3.1/../../../../arm-none-eabi/lib/thumb/v7e-m+fp/hard/libc_nano.a
END GROUP
START GROUP
LOAD /opt/st/stm32cubeide_1.18.1/plugins/com.st.stm32cube.ide.mcu.externaltools.gnu-tools-for-stm32.13.3.rel1.linux64_1.0.0.202410170706/tools/bin/../lib/gcc/arm-none-eabi/13.3.1/thumb/v7e-m+fp/hard/libgcc.a
LOAD /opt/st/stm32cubeide_1.18.1/plugins/com.st.stm32cube.ide.mcu.externaltools.gnu-tools-for-stm32.13.3.rel1.linux64_1.0.0.202410170706/tools/bin/../lib/gcc/arm-none-eabi/13.3.1/../../../../arm-none-eabi/lib/thumb/v7e-m+fp/hard/libc_nano.a
LOAD /opt/st/stm32cubeide_1.18.1/plugins/com.st.stm32cube.ide.mcu.externaltools.gnu-tools-for-stm32.13.3.rel1.linux64_1.0.0.202410170706/tools/bin/../lib/gcc/arm-none-eabi/13.3.1/../../../../arm-none-eabi/lib/thumb/v7e-m+fp/hard/libnosys.a
END GROUP
START GROUP
LOAD /opt/st/stm32cubeide_1.18.1/plugins/com.st.stm32cube.ide.mcu.externaltools.gnu-tools-for-stm32.13.3.rel1.linux64_1.0.0.202410170706/tools/bin/../lib/gcc/arm-none-eabi/13.3.1/thumb/v7e-m+fp/hard/libgcc.a
LOAD /opt/st/stm32cubeide_1.18.1/plugins/com.st.stm32cube.ide.mcu.externaltools.gnu-tools-for-stm32.13.3.rel1.linux64_1.0.0.202410170706/tools/bin/../lib/gcc/arm-none-eabi/13.3.1/../../../../arm-none-eabi/lib/thumb/v7e-m+fp/hard/libc_nano.a
LOAD /opt/st/stm32cubeide_1.18.1/plugins/com.st.stm32cube.ide.mcu.externaltools.gnu-tools-for-stm32.13.3.rel1.linux64_1.0.0.202410170706/tools/bin/../lib/gcc/arm-none-eabi/13.3.1/../../../../arm-none-eabi/lib/thumb/v7e-m+fp/hard/libnosys.a
END GROUP
LOAD /opt/st/stm32cubeide_1.18.1/plugins/com.st.stm32cube.ide.mcu.externaltools.gnu-tools-for-stm32.13.3.rel1.linux64_1.0.0.202410170706/tools/bin/../lib/gcc/arm-none-eabi/13.3.1/thumb/v7e-m+fp/hard/crtend.o
LOAD /opt/st/stm32cubeide_1.18.1/plugins/com.st.stm32cube.ide.mcu.externaltools.gnu-tools-for-stm32.13.3.rel1.linux64_1.0.0.202410170706/tools/bin/../lib/gcc/arm-none-eabi/13.3.1/thumb/v7e-m+fp/hard/crtn.o
                0x2000a000                        _estack = (ORIGIN (RAM) + LENGTH (RAM))
                0x00000200                        _Min_Heap_Size = 0x200
                0x00000400                        _Min_Stack_Size = 0x400

.isr_vector     0x08000000      0x188
                0x08000000                        . = ALIGN (0x4)
 *(.isr_vector)
 .isr_vector    0x08000000      0x188 ./Core/Startup/startup_stm32f303vctx.o
                0x08000000                g_pfnVectors
                0x08000188                        . = ALIGN (0x4)

.text           0x08000188     0x4ac8
                0x08000188                        . = ALIGN (0x4)
 *(.text)
 .text          0x08000188       0x40 /opt/st/stm32cubeide_1.18.1/plugins/com.st.stm32cube.ide.mcu.externaltools.gnu-tools-for-stm32.13.3.rel1.linux64_1.0.0.202410170706/tools/bin/../lib/gcc/arm-none-eabi/13.3.1/thumb/v7e-m+fp/hard/crtbegin.o
 *(.text*)
 .text.ILI9341_DrawChar
                0x080001c8       0xf0 ./Core/Src/ILI9341_GFX.o
                0x080001c8                ILI9341_DrawChar
 .text.ILI9341_DrawText
                0x080002b8       0x94 ./Core/Src/ILI9341_GFX.o
                0x080002b8                ILI9341_DrawText
 .text.HAL_SPI_TxCpltCallback
                0x0800034c       0x2c ./Core/Src/ILI9341_STM32_Driver.o
                0x0800034c                HAL_SPI_TxCpltCallback
 .text.ILI9341_SPI_Tx
                0x08000378       0x34 ./Core/Src/ILI9341_STM32_Driver.o
 .text.ILI9341_SPI_TxBuffer
                0x080003ac       0x34 ./Core/Src/ILI9341_STM32_Driver.o
 .text.ILI9341_WriteCommand
                0x080003e0       0x34 ./Core/Src/ILI9341_STM32_Driver.o
                0x080003e0                ILI9341_WriteCommand
 .text.ILI9341_WriteData
                0x08000414       0x34 ./Core/Src/ILI9341_STM32_Driver.o
                0x08000414                ILI9341_WriteData
 .text.ILI9341_WriteBuffer
                0x08000448       0x38 ./Core/Src/ILI9341_STM32_Driver.o
                0x08000448                ILI9341_WriteBuffer
 .text.ILI9341_SetAddress
                0x08000480       0x90 ./Core/Src/ILI9341_STM32_Driver.o
                0x08000480                ILI9341_SetAddress
 .text.ILI9341_Reset
                0x08000510       0x40 ./Core/Src/ILI9341_STM32_Driver.o
                0x08000510                ILI9341_Reset
 .text.ILI9341_Enable
                0x08000550       0x18 ./Core/Src/ILI9341_STM32_Driver.o
                0x08000550                ILI9341_Enable
 .text.ILI9341_Init
                0x08000568      0x214 ./Core/Src/ILI9341_STM32_Driver.o
                0x08000568                ILI9341_Init
 .text.ILI9341_SetRotation
                0x0800077c       0xa0 ./Core/Src/ILI9341_STM32_Driver.o
                0x0800077c                ILI9341_SetRotation
 .text.ILI9341_DrawColorBurst
                0x0800081c      0x134 ./Core/Src/ILI9341_STM32_Driver.o
                0x0800081c                ILI9341_DrawColorBurst
 .text.ILI9341_FillScreen
                0x08000950       0x4c ./Core/Src/ILI9341_STM32_Driver.o
                0x08000950                ILI9341_FillScreen
 .text.ILI9341_DrawPixel
                0x0800099c       0xcc ./Core/Src/ILI9341_STM32_Driver.o
                0x0800099c                ILI9341_DrawPixel
 .text.ILI9341_DrawRectangle
                0x08000a68       0xb8 ./Core/Src/ILI9341_STM32_Driver.o
                0x08000a68                ILI9341_DrawRectangle
 .text.TP_Touchpad_Pressed
                0x08000b20       0x24 ./Core/Src/ILI9341_Touchscreen.o
                0x08000b20                TP_Touchpad_Pressed
 .text.main     0x08000b44       0x88 ./Core/Src/main.o
                0x08000b44                main
 .text.SystemClock_Config
                0x08000bcc       0xc4 ./Core/Src/main.o
                0x08000bcc                SystemClock_Config
 .text.MX_I2C1_Init
                0x08000c90       0x80 ./Core/Src/main.o
 .text.MX_SPI1_Init
                0x08000d10       0x7c ./Core/Src/main.o
 .text.MX_USART1_UART_Init
                0x08000d8c       0x60 ./Core/Src/main.o
 .text.MX_USB_PCD_Init
                0x08000dec       0x44 ./Core/Src/main.o
 .text.MX_DMA_Init
                0x08000e30       0x3c ./Core/Src/main.o
 .text.MX_GPIO_Init
                0x08000e6c      0x144 ./Core/Src/main.o
 .text.Error_Handler
                0x08000fb0        0xc ./Core/Src/main.o
                0x08000fb0                Error_Handler
 .text.HAL_MspInit
                0x08000fbc       0x48 ./Core/Src/stm32f3xx_hal_msp.o
                0x08000fbc                HAL_MspInit
 .text.HAL_I2C_MspInit
                0x08001004       0x88 ./Core/Src/stm32f3xx_hal_msp.o
                0x08001004                HAL_I2C_MspInit
 .text.HAL_SPI_MspInit
                0x0800108c       0xd8 ./Core/Src/stm32f3xx_hal_msp.o
                0x0800108c                HAL_SPI_MspInit
 .text.HAL_UART_MspInit
                0x08001164       0x88 ./Core/Src/stm32f3xx_hal_msp.o
                0x08001164                HAL_UART_MspInit
 .text.HAL_PCD_MspInit
                0x080011ec       0x88 ./Core/Src/stm32f3xx_hal_msp.o
                0x080011ec                HAL_PCD_MspInit
 .text.NMI_Handler
                0x08001274        0x8 ./Core/Src/stm32f3xx_it.o
                0x08001274                NMI_Handler
 .text.HardFault_Handler
                0x0800127c        0x8 ./Core/Src/stm32f3xx_it.o
                0x0800127c                HardFault_Handler
 .text.MemManage_Handler
                0x08001284        0x8 ./Core/Src/stm32f3xx_it.o
                0x08001284                MemManage_Handler
 .text.BusFault_Handler
                0x0800128c        0x8 ./Core/Src/stm32f3xx_it.o
                0x0800128c                BusFault_Handler
 .text.UsageFault_Handler
                0x08001294        0x8 ./Core/Src/stm32f3xx_it.o
                0x08001294                UsageFault_Handler
 .text.SVC_Handler
                0x0800129c        0xe ./Core/Src/stm32f3xx_it.o
                0x0800129c                SVC_Handler
 .text.DebugMon_Handler
                0x080012aa        0xe ./Core/Src/stm32f3xx_it.o
                0x080012aa                DebugMon_Handler
 .text.PendSV_Handler
                0x080012b8        0xe ./Core/Src/stm32f3xx_it.o
                0x080012b8                PendSV_Handler
 .text.SysTick_Handler
                0x080012c6        0xc ./Core/Src/stm32f3xx_it.o
                0x080012c6                SysTick_Handler
 *fill*         0x080012d2        0x2 
 .text.DMA1_Channel3_IRQHandler
                0x080012d4       0x14 ./Core/Src/stm32f3xx_it.o
                0x080012d4                DMA1_Channel3_IRQHandler
 .text.SystemInit
                0x080012e8       0x24 ./Core/Src/system_stm32f3xx.o
                0x080012e8                SystemInit
 .text.Reset_Handler
                0x0800130c       0x50 ./Core/Startup/startup_stm32f303vctx.o
                0x0800130c                Reset_Handler
 .text.Default_Handler
                0x0800135c        0x2 ./Core/Startup/startup_stm32f303vctx.o
                0x0800135c                RTC_Alarm_IRQHandler
                0x0800135c                TIM8_TRG_COM_IRQHandler
                0x0800135c                TIM8_CC_IRQHandler
                0x0800135c                TIM1_CC_IRQHandler
                0x0800135c                USB_HP_IRQHandler
                0x0800135c                PVD_IRQHandler
                0x0800135c                TAMP_STAMP_IRQHandler
                0x0800135c                EXTI3_IRQHandler
                0x0800135c                USB_HP_CAN_TX_IRQHandler
                0x0800135c                EXTI0_IRQHandler
                0x0800135c                I2C2_EV_IRQHandler
                0x0800135c                FPU_IRQHandler
                0x0800135c                TIM1_UP_TIM16_IRQHandler
                0x0800135c                ADC1_2_IRQHandler
                0x0800135c                SPI1_IRQHandler
                0x0800135c                CAN_SCE_IRQHandler
                0x0800135c                TIM6_DAC_IRQHandler
                0x0800135c                TIM8_UP_IRQHandler
                0x0800135c                DMA2_Channel2_IRQHandler
                0x0800135c                DMA1_Channel4_IRQHandler
                0x0800135c                USART3_IRQHandler
                0x0800135c                DMA1_Channel7_IRQHandler
                0x0800135c                UART5_IRQHandler
                0x0800135c                ADC3_IRQHandler
                0x0800135c                TIM4_IRQHandler
                0x0800135c                CAN_RX1_IRQHandler
                0x0800135c                DMA2_Channel1_IRQHandler
                0x0800135c                I2C1_EV_IRQHandler
                0x0800135c                DMA1_Channel6_IRQHandler
                0x0800135c                UART4_IRQHandler
                0x0800135c                DMA2_Channel4_IRQHandler
                0x0800135c                TIM3_IRQHandler
                0x0800135c                RCC_IRQHandler
                0x0800135c                DMA1_Channel1_IRQHandler
                0x0800135c                Default_Handler
                0x0800135c                USBWakeUp_RMP_IRQHandler
                0x0800135c                EXTI15_10_IRQHandler
                0x0800135c                TIM7_IRQHandler
                0x0800135c                EXTI9_5_IRQHandler
                0x0800135c                RTC_WKUP_IRQHandler
                0x0800135c                SPI2_IRQHandler
                0x0800135c                USB_LP_CAN_RX0_IRQHandler
                0x0800135c                DMA2_Channel5_IRQHandler
                0x0800135c                DMA1_Channel5_IRQHandler
                0x0800135c                USB_LP_IRQHandler
                0x0800135c                EXTI4_IRQHandler
                0x0800135c                TIM1_TRG_COM_TIM17_IRQHandler
                0x0800135c                ADC4_IRQHandler
                0x0800135c                WWDG_IRQHandler
                0x0800135c                TIM2_IRQHandler
                0x0800135c                COMP7_IRQHandler
                0x0800135c                COMP1_2_3_IRQHandler
                0x0800135c                EXTI1_IRQHandler
                0x0800135c                USART2_IRQHandler
                0x0800135c                COMP4_5_6_IRQHandler
                0x0800135c                I2C2_ER_IRQHandler
                0x0800135c                DMA1_Channel2_IRQHandler
                0x0800135c                TIM8_BRK_IRQHandler
                0x0800135c                FLASH_IRQHandler
                0x0800135c                USART1_IRQHandler
                0x0800135c                SPI3_IRQHandler
                0x0800135c                I2C1_ER_IRQHandler
                0x0800135c                USBWakeUp_IRQHandler
                0x0800135c                DMA2_Channel3_IRQHandler
                0x0800135c                EXTI2_TSC_IRQHandler
                0x0800135c                TIM1_BRK_TIM15_IRQHandler
 *fill*         0x0800135e        0x2 
 .text.HAL_Init
                0x08001360       0x2c ./Drivers/STM32F3xx_HAL_Driver/Src/stm32f3xx_hal.o
                0x08001360                HAL_Init
 .text.HAL_InitTick
                0x0800138c       0x60 ./Drivers/STM32F3xx_HAL_Driver/Src/stm32f3xx_hal.o
                0x0800138c                HAL_InitTick
 .text.HAL_IncTick
                0x080013ec       0x28 ./Drivers/STM32F3xx_HAL_Driver/Src/stm32f3xx_hal.o
                0x080013ec                HAL_IncTick
 .text.HAL_GetTick
                0x08001414       0x18 ./Drivers/STM32F3xx_HAL_Driver/Src/stm32f3xx_hal.o
                0x08001414                HAL_GetTick
 .text.HAL_Delay
                0x0800142c       0x48 ./Drivers/STM32F3xx_HAL_Driver/Src/stm32f3xx_hal.o
                0x0800142c                HAL_Delay
 .text.__NVIC_SetPriorityGrouping
                0x08001474       0x48 ./Drivers/STM32F3xx_HAL_Driver/Src/stm32f3xx_hal_cortex.o
 .text.__NVIC_GetPriorityGrouping
                0x080014bc       0x1c ./Drivers/STM32F3xx_HAL_Driver/Src/stm32f3xx_hal_cortex.o
 .text.__NVIC_EnableIRQ
                0x080014d8       0x3c ./Drivers/STM32F3xx_HAL_Driver/Src/stm32f3xx_hal_cortex.o
 .text.__NVIC_SetPriority
                0x08001514       0x54 ./Drivers/STM32F3xx_HAL_Driver/Src/stm32f3xx_hal_cortex.o
 .text.NVIC_EncodePriority
                0x08001568       0x66 ./Drivers/STM32F3xx_HAL_Driver/Src/stm32f3xx_hal_cortex.o
 *fill*         0x080015ce        0x2 
 .text.SysTick_Config
                0x080015d0       0x44 ./Drivers/STM32F3xx_HAL_Driver/Src/stm32f3xx_hal_cortex.o
 .text.HAL_NVIC_SetPriorityGrouping
                0x08001614       0x16 ./Drivers/STM32F3xx_HAL_Driver/Src/stm32f3xx_hal_cortex.o
                0x08001614                HAL_NVIC_SetPriorityGrouping
 .text.HAL_NVIC_SetPriority
                0x0800162a       0x38 ./Drivers/STM32F3xx_HAL_Driver/Src/stm32f3xx_hal_cortex.o
                0x0800162a                HAL_NVIC_SetPriority
 .text.HAL_NVIC_EnableIRQ
                0x08001662       0x1c ./Drivers/STM32F3xx_HAL_Driver/Src/stm32f3xx_hal_cortex.o
                0x08001662                HAL_NVIC_EnableIRQ
 .text.HAL_SYSTICK_Config
                0x0800167e       0x18 ./Drivers/STM32F3xx_HAL_Driver/Src/stm32f3xx_hal_cortex.o
                0x0800167e                HAL_SYSTICK_Config
 .text.HAL_DMA_Init
                0x08001696       0x8e ./Drivers/STM32F3xx_HAL_Driver/Src/stm32f3xx_hal_dma.o
                0x08001696                HAL_DMA_Init
 .text.HAL_DMA_Start_IT
                0x08001724       0xbe ./Drivers/STM32F3xx_HAL_Driver/Src/stm32f3xx_hal_dma.o
                0x08001724                HAL_DMA_Start_IT
 .text.HAL_DMA_IRQHandler
                0x080017e2      0x146 ./Drivers/STM32F3xx_HAL_Driver/Src/stm32f3xx_hal_dma.o
                0x080017e2                HAL_DMA_IRQHandler
 .text.DMA_SetConfig
                0x08001928       0x5c ./Drivers/STM32F3xx_HAL_Driver/Src/stm32f3xx_hal_dma.o
 .text.DMA_CalcBaseAndBitshift
                0x08001984       0x78 ./Drivers/STM32F3xx_HAL_Driver/Src/stm32f3xx_hal_dma.o
 .text.HAL_GPIO_Init
                0x080019fc      0x2f4 ./Drivers/STM32F3xx_HAL_Driver/Src/stm32f3xx_hal_gpio.o
                0x080019fc                HAL_GPIO_Init
 .text.HAL_GPIO_ReadPin
                0x08001cf0       0x30 ./Drivers/STM32F3xx_HAL_Driver/Src/stm32f3xx_hal_gpio.o
                0x08001cf0                HAL_GPIO_ReadPin
 .text.HAL_GPIO_WritePin
                0x08001d20       0x30 ./Drivers/STM32F3xx_HAL_Driver/Src/stm32f3xx_hal_gpio.o
                0x08001d20                HAL_GPIO_WritePin
 .text.HAL_I2C_Init
                0x08001d50      0x136 ./Drivers/STM32F3xx_HAL_Driver/Src/stm32f3xx_hal_i2c.o
                0x08001d50                HAL_I2C_Init
 .text.HAL_I2CEx_ConfigAnalogFilter
                0x08001e86       0x96 ./Drivers/STM32F3xx_HAL_Driver/Src/stm32f3xx_hal_i2c_ex.o
                0x08001e86                HAL_I2CEx_ConfigAnalogFilter
 .text.HAL_I2CEx_ConfigDigitalFilter
                0x08001f1c       0x98 ./Drivers/STM32F3xx_HAL_Driver/Src/stm32f3xx_hal_i2c_ex.o
                0x08001f1c                HAL_I2CEx_ConfigDigitalFilter
 .text.HAL_PCD_Init
                0x08001fb4      0x18e ./Drivers/STM32F3xx_HAL_Driver/Src/stm32f3xx_hal_pcd.o
                0x08001fb4                HAL_PCD_Init
 *fill*         0x08002142        0x2 
 .text.HAL_RCC_OscConfig
                0x08002144     0x101c ./Drivers/STM32F3xx_HAL_Driver/Src/stm32f3xx_hal_rcc.o
                0x08002144                HAL_RCC_OscConfig
 .text.HAL_RCC_ClockConfig
                0x08003160      0x2dc ./Drivers/STM32F3xx_HAL_Driver/Src/stm32f3xx_hal_rcc.o
                0x08003160                HAL_RCC_ClockConfig
 .text.HAL_RCC_GetSysClockFreq
                0x0800343c       0xa8 ./Drivers/STM32F3xx_HAL_Driver/Src/stm32f3xx_hal_rcc.o
                0x0800343c                HAL_RCC_GetSysClockFreq
 .text.HAL_RCC_GetHCLKFreq
                0x080034e4       0x18 ./Drivers/STM32F3xx_HAL_Driver/Src/stm32f3xx_hal_rcc.o
                0x080034e4                HAL_RCC_GetHCLKFreq
 .text.HAL_RCC_GetPCLK1Freq
                0x080034fc       0x44 ./Drivers/STM32F3xx_HAL_Driver/Src/stm32f3xx_hal_rcc.o
                0x080034fc                HAL_RCC_GetPCLK1Freq
 .text.HAL_RCC_GetPCLK2Freq
                0x08003540       0x44 ./Drivers/STM32F3xx_HAL_Driver/Src/stm32f3xx_hal_rcc.o
                0x08003540                HAL_RCC_GetPCLK2Freq
 .text.HAL_RCCEx_PeriphCLKConfig
                0x08003584      0x35c ./Drivers/STM32F3xx_HAL_Driver/Src/stm32f3xx_hal_rcc_ex.o
                0x08003584                HAL_RCCEx_PeriphCLKConfig
 .text.HAL_SPI_Init
                0x080038e0      0x156 ./Drivers/STM32F3xx_HAL_Driver/Src/stm32f3xx_hal_spi.o
                0x080038e0                HAL_SPI_Init
 .text.HAL_SPI_Transmit
                0x08003a36      0x2ea ./Drivers/STM32F3xx_HAL_Driver/Src/stm32f3xx_hal_spi.o
                0x08003a36                HAL_SPI_Transmit
 .text.HAL_SPI_Transmit_DMA
                0x08003d20      0x1e0 ./Drivers/STM32F3xx_HAL_Driver/Src/stm32f3xx_hal_spi.o
                0x08003d20                HAL_SPI_Transmit_DMA
 .text.HAL_SPI_TxHalfCpltCallback
                0x08003f00       0x14 ./Drivers/STM32F3xx_HAL_Driver/Src/stm32f3xx_hal_spi.o
                0x08003f00                HAL_SPI_TxHalfCpltCallback
 .text.HAL_SPI_ErrorCallback
                0x08003f14       0x14 ./Drivers/STM32F3xx_HAL_Driver/Src/stm32f3xx_hal_spi.o
                0x08003f14                HAL_SPI_ErrorCallback
 .text.SPI_DMATransmitCplt
                0x08003f28       0xa6 ./Drivers/STM32F3xx_HAL_Driver/Src/stm32f3xx_hal_spi.o
 .text.SPI_DMAHalfTransmitCplt
                0x08003fce       0x1c ./Drivers/STM32F3xx_HAL_Driver/Src/stm32f3xx_hal_spi.o
 .text.SPI_DMAError
                0x08003fea       0x40 ./Drivers/STM32F3xx_HAL_Driver/Src/stm32f3xx_hal_spi.o
 *fill*         0x0800402a        0x2 
 .text.SPI_WaitFlagStateUntilTimeout
                0x0800402c      0x110 ./Drivers/STM32F3xx_HAL_Driver/Src/stm32f3xx_hal_spi.o
 .text.SPI_WaitFifoStateUntilTimeout
                0x0800413c      0x12c ./Drivers/STM32F3xx_HAL_Driver/Src/stm32f3xx_hal_spi.o
 .text.SPI_EndRxTxTransaction
                0x08004268       0x8c ./Drivers/STM32F3xx_HAL_Driver/Src/stm32f3xx_hal_spi.o
 .text.HAL_UART_Init
                0x080042f4       0x9c ./Drivers/STM32F3xx_HAL_Driver/Src/stm32f3xx_hal_uart.o
                0x080042f4                HAL_UART_Init
 .text.UART_SetConfig
                0x08004390      0x3a8 ./Drivers/STM32F3xx_HAL_Driver/Src/stm32f3xx_hal_uart.o
                0x08004390                UART_SetConfig
 .text.UART_AdvFeatureConfig
                0x08004738      0x144 ./Drivers/STM32F3xx_HAL_Driver/Src/stm32f3xx_hal_uart.o
                0x08004738                UART_AdvFeatureConfig
 .text.UART_CheckIdleState
                0x0800487c      0x150 ./Drivers/STM32F3xx_HAL_Driver/Src/stm32f3xx_hal_uart.o
                0x0800487c                UART_CheckIdleState
 .text.UART_WaitOnFlagUntilTimeout
                0x080049cc       0xda ./Drivers/STM32F3xx_HAL_Driver/Src/stm32f3xx_hal_uart.o
                0x080049cc                UART_WaitOnFlagUntilTimeout
 .text.UART_EndRxTransfer
                0x08004aa6       0xc8 ./Drivers/STM32F3xx_HAL_Driver/Src/stm32f3xx_hal_uart.o
 .text.USB_DisableGlobalInt
                0x08004b6e       0x36 ./Drivers/STM32F3xx_HAL_Driver/Src/stm32f3xx_ll_usb.o
                0x08004b6e                USB_DisableGlobalInt
 .text.USB_DevInit
                0x08004ba4       0x3c ./Drivers/STM32F3xx_HAL_Driver/Src/stm32f3xx_ll_usb.o
                0x08004ba4                USB_DevInit
 .text.memset   0x08004be0       0x10 /opt/st/stm32cubeide_1.18.1/plugins/com.st.stm32cube.ide.mcu.externaltools.gnu-tools-for-stm32.13.3.rel1.linux64_1.0.0.202410170706/tools/bin/../lib/gcc/arm-none-eabi/13.3.1/../../../../arm-none-eabi/lib/thumb/v7e-m+fp/hard/libc_nano.a(libc_a-memset.o)
                0x08004be0                memset
 .text.__libc_init_array
                0x08004bf0       0x48 /opt/st/stm32cubeide_1.18.1/plugins/com.st.stm32cube.ide.mcu.externaltools.gnu-tools-for-stm32.13.3.rel1.linux64_1.0.0.202410170706/tools/bin/../lib/gcc/arm-none-eabi/13.3.1/../../../../arm-none-eabi/lib/thumb/v7e-m+fp/hard/libc_nano.a(libc_a-init.o)
                0x08004bf0                __libc_init_array
 *(.glue_7)
 .glue_7        0x08004c38        0x0 linker stubs
 *(.glue_7t)
 .glue_7t       0x08004c38        0x0 linker stubs
 *(.eh_frame)
 .eh_frame      0x08004c38        0x0 /opt/st/stm32cubeide_1.18.1/plugins/com.st.stm32cube.ide.mcu.externaltools.gnu-tools-for-stm32.13.3.rel1.linux64_1.0.0.202410170706/tools/bin/../lib/gcc/arm-none-eabi/13.3.1/thumb/v7e-m+fp/hard/crtbegin.o
 *(.init)
 .init          0x08004c38        0x4 /opt/st/stm32cubeide_1.18.1/plugins/com.st.stm32cube.ide.mcu.externaltools.gnu-tools-for-stm32.13.3.rel1.linux64_1.0.0.202410170706/tools/bin/../lib/gcc/arm-none-eabi/13.3.1/thumb/v7e-m+fp/hard/crti.o
                0x08004c38                _init
 .init          0x08004c3c        0x8 /opt/st/stm32cubeide_1.18.1/plugins/com.st.stm32cube.ide.mcu.externaltools.gnu-tools-for-stm32.13.3.rel1.linux64_1.0.0.202410170706/tools/bin/../lib/gcc/arm-none-eabi/13.3.1/thumb/v7e-m+fp/hard/crtn.o
 *(.fini)
 .fini          0x08004c44        0x4 /opt/st/stm32cubeide_1.18.1/plugins/com.st.stm32cube.ide.mcu.externaltools.gnu-tools-for-stm32.13.3.rel1.linux64_1.0.0.202410170706/tools/bin/../lib/gcc/arm-none-eabi/13.3.1/thumb/v7e-m+fp/hard/crti.o
                0x08004c44                _fini
 .fini          0x08004c48        0x8 /opt/st/stm32cubeide_1.18.1/plugins/com.st.stm32cube.ide.mcu.externaltools.gnu-tools-for-stm32.13.3.rel1.linux64_1.0.0.202410170706/tools/bin/../lib/gcc/arm-none-eabi/13.3.1/thumb/v7e-m+fp/hard/crtn.o
                0x08004c50                        . = ALIGN (0x4)
                0x08004c50                        _etext = .

.vfp11_veneer   0x08004c50        0x0
 .vfp11_veneer  0x08004c50        0x0 linker stubs

.v4_bx          0x08004c50        0x0
 .v4_bx         0x08004c50        0x0 linker stubs

.iplt           0x08004c50        0x0
 .iplt          0x08004c50        0x0 /opt/st/stm32cubeide_1.18.1/plugins/com.st.stm32cube.ide.mcu.externaltools.gnu-tools-for-stm32.13.3.rel1.linux64_1.0.0.202410170706/tools/bin/../lib/gcc/arm-none-eabi/13.3.1/thumb/v7e-m+fp/hard/crtbegin.o

.rodata         0x08004c50     0x1188
                0x08004c50                        . = ALIGN (0x4)
 *(.rodata)
 .rodata        0x08004c50        0xc ./Core/Src/main.o
 *(.rodata*)
 .rodata.Arial_Narrow15x19
                0x08004c5c     0x1144 ./Core/Src/fonts.o
                0x08004c5c                Arial_Narrow15x19
 .rodata.AHBPrescTable
                0x08005da0       0x10 ./Core/Src/system_stm32f3xx.o
                0x08005da0                AHBPrescTable
 .rodata.APBPrescTable
                0x08005db0        0x8 ./Core/Src/system_stm32f3xx.o
                0x08005db0                APBPrescTable
 .rodata.aPLLMULFactorTable
                0x08005db8       0x10 ./Drivers/STM32F3xx_HAL_Driver/Src/stm32f3xx_hal_rcc.o
 .rodata.aPredivFactorTable
                0x08005dc8       0x10 ./Drivers/STM32F3xx_HAL_Driver/Src/stm32f3xx_hal_rcc.o
                0x08005dd8                        . = ALIGN (0x4)

.ARM.extab      0x08005dd8        0x0
                0x08005dd8                        . = ALIGN (0x4)
 *(.ARM.extab* .gnu.linkonce.armextab.*)
                0x08005dd8                        . = ALIGN (0x4)

.ARM            0x08005dd8        0x0
                0x08005dd8                        . = ALIGN (0x4)
                0x08005dd8                        __exidx_start = .
 *(.ARM.exidx*)
                0x08005dd8                        __exidx_end = .
                0x08005dd8                        . = ALIGN (0x4)

.preinit_array  0x08005dd8        0x0
                0x08005dd8                        . = ALIGN (0x4)
                0x08005dd8                        PROVIDE (__preinit_array_start = .)
 *(.preinit_array*)
                0x08005dd8                        PROVIDE (__preinit_array_end = .)
                0x08005dd8                        . = ALIGN (0x4)

.init_array     0x08005dd8        0x4
                0x08005dd8                        . = ALIGN (0x4)
                0x08005dd8                        PROVIDE (__init_array_start = .)
 *(SORT_BY_NAME(.init_array.*))
 *(.init_array*)
 .init_array    0x08005dd8        0x4 /opt/st/stm32cubeide_1.18.1/plugins/com.st.stm32cube.ide.mcu.externaltools.gnu-tools-for-stm32.13.3.rel1.linux64_1.0.0.202410170706/tools/bin/../lib/gcc/arm-none-eabi/13.3.1/thumb/v7e-m+fp/hard/crtbegin.o
                0x08005ddc                        PROVIDE (__init_array_end = .)
                0x08005ddc                        . = ALIGN (0x4)

.fini_array     0x08005ddc        0x4
                0x08005ddc                        . = ALIGN (0x4)
                [!provide]                        PROVIDE (__fini_array_start = .)
 *(SORT_BY_NAME(.fini_array.*))
 *(.fini_array*)
 .fini_array    0x08005ddc        0x4 /opt/st/stm32cubeide_1.18.1/plugins/com.st.stm32cube.ide.mcu.externaltools.gnu-tools-for-stm32.13.3.rel1.linux64_1.0.0.202410170706/tools/bin/../lib/gcc/arm-none-eabi/13.3.1/thumb/v7e-m+fp/hard/crtbegin.o
                [!provide]                        PROVIDE (__fini_array_end = .)
                0x08005de0                        . = ALIGN (0x4)
                0x08005de0                        _sidata = LOADADDR (.data)

.rel.dyn        0x08005de0        0x0
 .rel.iplt      0x08005de0        0x0 /opt/st/stm32cubeide_1.18.1/plugins/com.st.stm32cube.ide.mcu.externaltools.gnu-tools-for-stm32.13.3.rel1.linux64_1.0.0.202410170706/tools/bin/../lib/gcc/arm-none-eabi/13.3.1/thumb/v7e-m+fp/hard/crtbegin.o

.data           0x20000000       0x10 load address 0x08005de0
                0x20000000                        . = ALIGN (0x4)
                0x20000000                        _sdata = .
 *(.data)
 *(.data*)
 .data.LCD_HEIGHT
                0x20000000        0x2 ./Core/Src/ILI9341_STM32_Driver.o
                0x20000000                LCD_HEIGHT
 .data.LCD_WIDTH
                0x20000002        0x2 ./Core/Src/ILI9341_STM32_Driver.o
                0x20000002                LCD_WIDTH
 .data.SystemCoreClock
                0x20000004        0x4 ./Core/Src/system_stm32f3xx.o
                0x20000004                SystemCoreClock
 .data.uwTickPrio
                0x20000008        0x4 ./Drivers/STM32F3xx_HAL_Driver/Src/stm32f3xx_hal.o
                0x20000008                uwTickPrio
 .data.uwTickFreq
                0x2000000c        0x1 ./Drivers/STM32F3xx_HAL_Driver/Src/stm32f3xx_hal.o
                0x2000000c                uwTickFreq
 *(.RamFunc)
 *(.RamFunc*)
                0x20000010                        . = ALIGN (0x4)
 *fill*         0x2000000d        0x3 
                0x20000010                        _edata = .
                0x08005df0                        _siccmram = LOADADDR (.ccmram)

.igot.plt       0x20000010        0x0 load address 0x08005df0
 .igot.plt      0x20000010        0x0 /opt/st/stm32cubeide_1.18.1/plugins/com.st.stm32cube.ide.mcu.externaltools.gnu-tools-for-stm32.13.3.rel1.linux64_1.0.0.202410170706/tools/bin/../lib/gcc/arm-none-eabi/13.3.1/thumb/v7e-m+fp/hard/crtbegin.o

.ccmram         0x10000000        0x0 load address 0x08005df0
                0x10000000                        . = ALIGN (0x4)
                0x10000000                        _sccmram = .
 *(.ccmram)
 *(.ccmram*)
                0x10000000                        . = ALIGN (0x4)
                0x10000000                        _eccmram = .
                0x10000000                        . = ALIGN (0x4)

.bss            0x20000010      0x478
                0x20000010                        _sbss = .
                0x20000010                        __bss_start__ = _sbss
 *(.bss)
 .bss           0x20000010       0x1c /opt/st/stm32cubeide_1.18.1/plugins/com.st.stm32cube.ide.mcu.externaltools.gnu-tools-for-stm32.13.3.rel1.linux64_1.0.0.202410170706/tools/bin/../lib/gcc/arm-none-eabi/13.3.1/thumb/v7e-m+fp/hard/crtbegin.o
 *(.bss*)
 .bss.hi2c1     0x2000002c       0x54 ./Core/Src/main.o
                0x2000002c                hi2c1
 .bss.hspi1     0x20000080       0x64 ./Core/Src/main.o
                0x20000080                hspi1
 .bss.hdma_spi1_tx
                0x200000e4       0x44 ./Core/Src/main.o
                0x200000e4                hdma_spi1_tx
 .bss.huart1    0x20000128       0x88 ./Core/Src/main.o
                0x20000128                huart1
 .bss.hpcd_USB_FS
                0x200001b0      0x2d4 ./Core/Src/main.o
                0x200001b0                hpcd_USB_FS
 .bss.uwTick    0x20000484        0x4 ./Drivers/STM32F3xx_HAL_Driver/Src/stm32f3xx_hal.o
                0x20000484                uwTick
 *(COMMON)
                0x20000488                        . = ALIGN (0x4)
                0x20000488                        _ebss = .
                0x20000488                        __bss_end__ = _ebss

._user_heap_stack
                0x20000488      0x600
                0x20000488                        . = ALIGN (0x8)
                [!provide]                        PROVIDE (end = .)
                0x20000488                        PROVIDE (_end = .)
                0x20000688                        . = (. + _Min_Heap_Size)
 *fill*         0x20000488      0x200 
                0x20000a88                        . = (. + _Min_Stack_Size)
 *fill*         0x20000688      0x400 
                0x20000a88                        . = ALIGN (0x8)

/DISCARD/
 libc.a(*)
 libm.a(*)
 libgcc.a(*)

.ARM.attributes
                0x00000000       0x30
 *(.ARM.attributes)
 .ARM.attributes
                0x00000000       0x22 /opt/st/stm32cubeide_1.18.1/plugins/com.st.stm32cube.ide.mcu.externaltools.gnu-tools-for-stm32.13.3.rel1.linux64_1.0.0.202410170706/tools/bin/../lib/gcc/arm-none-eabi/13.3.1/thumb/v7e-m+fp/hard/crti.o
 .ARM.attributes
                0x00000022       0x34 /opt/st/stm32cubeide_1.18.1/plugins/com.st.stm32cube.ide.mcu.externaltools.gnu-tools-for-stm32.13.3.rel1.linux64_1.0.0.202410170706/tools/bin/../lib/gcc/arm-none-eabi/13.3.1/thumb/v7e-m+fp/hard/crtbegin.o
 .ARM.attributes
                0x00000056       0x34 ./Core/Src/ILI9341_GFX.o
 .ARM.attributes
                0x0000008a       0x34 ./Core/Src/ILI9341_STM32_Driver.o
 .ARM.attributes
                0x000000be       0x34 ./Core/Src/ILI9341_Touchscreen.o
 .ARM.attributes
                0x000000f2       0x34 ./Core/Src/fonts.o
 .ARM.attributes
                0x00000126       0x34 ./Core/Src/main.o
 .ARM.attributes
                0x0000015a       0x34 ./Core/Src/stm32f3xx_hal_msp.o
 .ARM.attributes
                0x0000018e       0x34 ./Core/Src/stm32f3xx_it.o
 .ARM.attributes
                0x000001c2       0x34 ./Core/Src/system_stm32f3xx.o
 .ARM.attributes
                0x000001f6       0x21 ./Core/Startup/startup_stm32f303vctx.o
 .ARM.attributes
                0x00000217       0x34 ./Drivers/STM32F3xx_HAL_Driver/Src/stm32f3xx_hal.o
 .ARM.attributes
                0x0000024b       0x34 ./Drivers/STM32F3xx_HAL_Driver/Src/stm32f3xx_hal_cortex.o
 .ARM.attributes
                0x0000027f       0x34 ./Drivers/STM32F3xx_HAL_Driver/Src/stm32f3xx_hal_dma.o
 .ARM.attributes
                0x000002b3       0x34 ./Drivers/STM32F3xx_HAL_Driver/Src/stm32f3xx_hal_gpio.o
 .ARM.attributes
                0x000002e7       0x34 ./Drivers/STM32F3xx_HAL_Driver/Src/stm32f3xx_hal_i2c.o
 .ARM.attributes
                0x0000031b       0x34 ./Drivers/STM32F3xx_HAL_Driver/Src/stm32f3xx_hal_i2c_ex.o
 .ARM.attributes
                0x0000034f       0x34 ./Drivers/STM32F3xx_HAL_Driver/Src/stm32f3xx_hal_pcd.o
 .ARM.attributes
                0x00000383       0x34 ./Drivers/STM32F3xx_HAL_Driver/Src/stm32f3xx_hal_rcc.o
 .ARM.attributes
                0x000003b7       0x34 ./Drivers/STM32F3xx_HAL_Driver/Src/stm32f3xx_hal_rcc_ex.o
 .ARM.attributes
                0x000003eb       0x34 ./Drivers/STM32F3xx_HAL_Driver/Src/stm32f3xx_hal_spi.o
 .ARM.attributes
                0x0000041f       0x34 ./Drivers/STM32F3xx_HAL_Driver/Src/stm32f3xx_hal_uart.o
 .ARM.attributes
                0x00000453       0x34 ./Drivers/STM32F3xx_HAL_Driver/Src/stm32f3xx_ll_usb.o
 .ARM.attributes
                0x00000487       0x34 /opt/st/stm32cubeide_1.18.1/plugins/com.st.stm32cube.ide.mcu.externaltools.gnu-tools-for-stm32.13.3.rel1.linux64_1.0.0.202410170706/tools/bin/../lib/gcc/arm-none-eabi/13.3.1/../../../../arm-none-eabi/lib/thumb/v7e-m+fp/hard/libc_nano.a(libc_a-memset.o)
 .ARM.attributes
                0x000004bb       0x34 /opt/st/stm32cubeide_1.18.1/plugins/com.st.stm32cube.ide.mcu.externaltools.gnu-tools-for-stm32.13.3.rel1.linux64_1.0.0.202410170706/tools/bin/../lib/gcc/arm-none-eabi/13.3.1/../../../../arm-none-eabi/lib/thumb/v7e-m+fp/hard/libc_nano.a(libc_a-init.o)
 .ARM.attributes
                0x000004ef       0x22 /opt/st/stm32cubeide_1.18.1/plugins/com.st.stm32cube.ide.mcu.externaltools.gnu-tools-for-stm32.13.3.rel1.linux64_1.0.0.202410170706/tools/bin/../lib/gcc/arm-none-eabi/13.3.1/thumb/v7e-m+fp/hard/crtn.o
OUTPUT(displayTest1.elf elf32-littlearm)
LOAD linker stubs
LOAD /opt/st/stm32cubeide_1.18.1/plugins/com.st.stm32cube.ide.mcu.externaltools.gnu-tools-for-stm32.13.3.rel1.linux64_1.0.0.202410170706/tools/bin/../lib/gcc/arm-none-eabi/13.3.1/../../../../arm-none-eabi/lib/thumb/v7e-m+fp/hard/libc.a
LOAD /opt/st/stm32cubeide_1.18.1/plugins/com.st.stm32cube.ide.mcu.externaltools.gnu-tools-for-stm32.13.3.rel1.linux64_1.0.0.202410170706/tools/bin/../lib/gcc/arm-none-eabi/13.3.1/../../../../arm-none-eabi/lib/thumb/v7e-m+fp/hard/libm.a
LOAD /opt/st/stm32cubeide_1.18.1/plugins/com.st.stm32cube.ide.mcu.externaltools.gnu-tools-for-stm32.13.3.rel1.linux64_1.0.0.202410170706/tools/bin/../lib/gcc/arm-none-eabi/13.3.1/thumb/v7e-m+fp/hard/libgcc.a

.debug_info     0x00000000    0x12de4
 .debug_info    0x00000000      0x67e ./Core/Src/ILI9341_GFX.o
 .debug_info    0x0000067e      0xb58 ./Core/Src/ILI9341_STM32_Driver.o
 .debug_info    0x000011d6      0x2e3 ./Core/Src/ILI9341_Touchscreen.o
 .debug_info    0x000014b9      0x159 ./Core/Src/fonts.o
 .debug_info    0x00001612     0x1a67 ./Core/Src/main.o
 .debug_info    0x00003079     0x14b2 ./Core/Src/stm32f3xx_hal_msp.o
 .debug_info    0x0000452b      0x359 ./Core/Src/stm32f3xx_it.o
 .debug_info    0x00004884      0x407 ./Core/Src/system_stm32f3xx.o
 .debug_info    0x00004c8b       0x30 ./Core/Startup/startup_stm32f303vctx.o
 .debug_info    0x00004cbb      0x7d4 ./Drivers/STM32F3xx_HAL_Driver/Src/stm32f3xx_hal.o
 .debug_info    0x0000548f      0xce4 ./Drivers/STM32F3xx_HAL_Driver/Src/stm32f3xx_hal_cortex.o
 .debug_info    0x00006173      0x6e1 ./Drivers/STM32F3xx_HAL_Driver/Src/stm32f3xx_hal_dma.o
 .debug_info    0x00006854      0x5fe ./Drivers/STM32F3xx_HAL_Driver/Src/stm32f3xx_hal_gpio.o
 .debug_info    0x00006e52     0x20c3 ./Drivers/STM32F3xx_HAL_Driver/Src/stm32f3xx_hal_i2c.o
 .debug_info    0x00008f15      0x818 ./Drivers/STM32F3xx_HAL_Driver/Src/stm32f3xx_hal_i2c_ex.o
 .debug_info    0x0000972d     0x166f ./Drivers/STM32F3xx_HAL_Driver/Src/stm32f3xx_hal_pcd.o
 .debug_info    0x0000ad9c     0x148a ./Drivers/STM32F3xx_HAL_Driver/Src/stm32f3xx_hal_rcc.o
 .debug_info    0x0000c226      0x5b9 ./Drivers/STM32F3xx_HAL_Driver/Src/stm32f3xx_hal_rcc_ex.o
 .debug_info    0x0000c7df     0x1622 ./Drivers/STM32F3xx_HAL_Driver/Src/stm32f3xx_hal_spi.o
 .debug_info    0x0000de01     0x39a8 ./Drivers/STM32F3xx_HAL_Driver/Src/stm32f3xx_hal_uart.o
 .debug_info    0x000117a9     0x163b ./Drivers/STM32F3xx_HAL_Driver/Src/stm32f3xx_ll_usb.o

.debug_abbrev   0x00000000     0x2a95
 .debug_abbrev  0x00000000      0x114 ./Core/Src/ILI9341_GFX.o
 .debug_abbrev  0x00000114      0x298 ./Core/Src/ILI9341_STM32_Driver.o
 .debug_abbrev  0x000003ac      0x196 ./Core/Src/ILI9341_Touchscreen.o
 .debug_abbrev  0x00000542       0x8e ./Core/Src/fonts.o
 .debug_abbrev  0x000005d0      0x31f ./Core/Src/main.o
 .debug_abbrev  0x000008ef      0x253 ./Core/Src/stm32f3xx_hal_msp.o
 .debug_abbrev  0x00000b42      0x16e ./Core/Src/stm32f3xx_it.o
 .debug_abbrev  0x00000cb0      0x11a ./Core/Src/system_stm32f3xx.o
 .debug_abbrev  0x00000dca       0x24 ./Core/Startup/startup_stm32f303vctx.o
 .debug_abbrev  0x00000dee      0x215 ./Drivers/STM32F3xx_HAL_Driver/Src/stm32f3xx_hal.o
 .debug_abbrev  0x00001003      0x31e ./Drivers/STM32F3xx_HAL_Driver/Src/stm32f3xx_hal_cortex.o
 .debug_abbrev  0x00001321      0x20d ./Drivers/STM32F3xx_HAL_Driver/Src/stm32f3xx_hal_dma.o
 .debug_abbrev  0x0000152e      0x1ca ./Drivers/STM32F3xx_HAL_Driver/Src/stm32f3xx_hal_gpio.o
 .debug_abbrev  0x000016f8      0x260 ./Drivers/STM32F3xx_HAL_Driver/Src/stm32f3xx_hal_i2c.o
 .debug_abbrev  0x00001958      0x1c2 ./Drivers/STM32F3xx_HAL_Driver/Src/stm32f3xx_hal_i2c_ex.o
 .debug_abbrev  0x00001b1a      0x2d9 ./Drivers/STM32F3xx_HAL_Driver/Src/stm32f3xx_hal_pcd.o
 .debug_abbrev  0x00001df3      0x300 ./Drivers/STM32F3xx_HAL_Driver/Src/stm32f3xx_hal_rcc.o
 .debug_abbrev  0x000020f3      0x221 ./Drivers/STM32F3xx_HAL_Driver/Src/stm32f3xx_hal_rcc_ex.o
 .debug_abbrev  0x00002314      0x269 ./Drivers/STM32F3xx_HAL_Driver/Src/stm32f3xx_hal_spi.o
 .debug_abbrev  0x0000257d      0x2d1 ./Drivers/STM32F3xx_HAL_Driver/Src/stm32f3xx_hal_uart.o
 .debug_abbrev  0x0000284e      0x247 ./Drivers/STM32F3xx_HAL_Driver/Src/stm32f3xx_ll_usb.o

.debug_aranges  0x00000000      0xf60
 .debug_aranges
                0x00000000       0x58 ./Core/Src/ILI9341_GFX.o
 .debug_aranges
                0x00000058       0xa8 ./Core/Src/ILI9341_STM32_Driver.o
 .debug_aranges
                0x00000100       0x38 ./Core/Src/ILI9341_Touchscreen.o
 .debug_aranges
                0x00000138       0x18 ./Core/Src/fonts.o
 .debug_aranges
                0x00000150       0x60 ./Core/Src/main.o
 .debug_aranges
                0x000001b0       0x60 ./Core/Src/stm32f3xx_hal_msp.o
 .debug_aranges
                0x00000210       0x68 ./Core/Src/stm32f3xx_it.o
 .debug_aranges
                0x00000278       0x28 ./Core/Src/system_stm32f3xx.o
 .debug_aranges
                0x000002a0       0x28 ./Core/Startup/startup_stm32f303vctx.o
 .debug_aranges
                0x000002c8       0xe0 ./Drivers/STM32F3xx_HAL_Driver/Src/stm32f3xx_hal.o
 .debug_aranges
                0x000003a8      0x128 ./Drivers/STM32F3xx_HAL_Driver/Src/stm32f3xx_hal_cortex.o
 .debug_aranges
                0x000004d0       0x88 ./Drivers/STM32F3xx_HAL_Driver/Src/stm32f3xx_hal_dma.o
 .debug_aranges
                0x00000558       0x58 ./Drivers/STM32F3xx_HAL_Driver/Src/stm32f3xx_hal_gpio.o
 .debug_aranges
                0x000005b0      0x2a0 ./Drivers/STM32F3xx_HAL_Driver/Src/stm32f3xx_hal_i2c.o
 .debug_aranges
                0x00000850       0x48 ./Drivers/STM32F3xx_HAL_Driver/Src/stm32f3xx_hal_i2c_ex.o
 .debug_aranges
                0x00000898      0x140 ./Drivers/STM32F3xx_HAL_Driver/Src/stm32f3xx_hal_pcd.o
 .debug_aranges
                0x000009d8       0x88 ./Drivers/STM32F3xx_HAL_Driver/Src/stm32f3xx_hal_rcc.o
 .debug_aranges
                0x00000a60       0x38 ./Drivers/STM32F3xx_HAL_Driver/Src/stm32f3xx_hal_rcc_ex.o
 .debug_aranges
                0x00000a98      0x1d8 ./Drivers/STM32F3xx_HAL_Driver/Src/stm32f3xx_hal_spi.o
 .debug_aranges
                0x00000c70      0x228 ./Drivers/STM32F3xx_HAL_Driver/Src/stm32f3xx_hal_uart.o
 .debug_aranges
                0x00000e98       0xc8 ./Drivers/STM32F3xx_HAL_Driver/Src/stm32f3xx_ll_usb.o

.debug_rnglists
                0x00000000      0xbe4
 .debug_rnglists
                0x00000000       0x44 ./Core/Src/ILI9341_GFX.o
 .debug_rnglists
                0x00000044       0x81 ./Core/Src/ILI9341_STM32_Driver.o
 .debug_rnglists
                0x000000c5       0x26 ./Core/Src/ILI9341_Touchscreen.o
 .debug_rnglists
                0x000000eb       0x47 ./Core/Src/main.o
 .debug_rnglists
                0x00000132       0x47 ./Core/Src/stm32f3xx_hal_msp.o
 .debug_rnglists
                0x00000179       0x49 ./Core/Src/stm32f3xx_it.o
 .debug_rnglists
                0x000001c2       0x1a ./Core/Src/system_stm32f3xx.o
 .debug_rnglists
                0x000001dc       0x19 ./Core/Startup/startup_stm32f303vctx.o
 .debug_rnglists
                0x000001f5       0xa3 ./Drivers/STM32F3xx_HAL_Driver/Src/stm32f3xx_hal.o
 .debug_rnglists
                0x00000298       0xda ./Drivers/STM32F3xx_HAL_Driver/Src/stm32f3xx_hal_cortex.o
 .debug_rnglists
                0x00000372       0x69 ./Drivers/STM32F3xx_HAL_Driver/Src/stm32f3xx_hal_dma.o
 .debug_rnglists
                0x000003db       0x3f ./Drivers/STM32F3xx_HAL_Driver/Src/stm32f3xx_hal_gpio.o
 .debug_rnglists
                0x0000041a      0x228 ./Drivers/STM32F3xx_HAL_Driver/Src/stm32f3xx_hal_i2c.o
 .debug_rnglists
                0x00000642       0x35 ./Drivers/STM32F3xx_HAL_Driver/Src/stm32f3xx_hal_i2c_ex.o
 .debug_rnglists
                0x00000677       0xf4 ./Drivers/STM32F3xx_HAL_Driver/Src/stm32f3xx_hal_pcd.o
 .debug_rnglists
                0x0000076b       0x66 ./Drivers/STM32F3xx_HAL_Driver/Src/stm32f3xx_hal_rcc.o
 .debug_rnglists
                0x000007d1       0x28 ./Drivers/STM32F3xx_HAL_Driver/Src/stm32f3xx_hal_rcc_ex.o
 .debug_rnglists
                0x000007f9      0x178 ./Drivers/STM32F3xx_HAL_Driver/Src/stm32f3xx_hal_spi.o
 .debug_rnglists
                0x00000971      0x1da ./Drivers/STM32F3xx_HAL_Driver/Src/stm32f3xx_hal_uart.o
 .debug_rnglists
                0x00000b4b       0x99 ./Drivers/STM32F3xx_HAL_Driver/Src/stm32f3xx_ll_usb.o

.debug_macro    0x00000000    0x1e0cc
 .debug_macro   0x00000000      0x223 ./Core/Src/ILI9341_GFX.o
 .debug_macro   0x00000223      0xad8 ./Core/Src/ILI9341_GFX.o
 .debug_macro   0x00000cfb      0x164 ./Core/Src/ILI9341_GFX.o
 .debug_macro   0x00000e5f       0x2e ./Core/Src/ILI9341_GFX.o
 .debug_macro   0x00000e8d       0x28 ./Core/Src/ILI9341_GFX.o
 .debug_macro   0x00000eb5       0x22 ./Core/Src/ILI9341_GFX.o
 .debug_macro   0x00000ed7       0x8e ./Core/Src/ILI9341_GFX.o
 .debug_macro   0x00000f65       0x51 ./Core/Src/ILI9341_GFX.o
 .debug_macro   0x00000fb6      0x103 ./Core/Src/ILI9341_GFX.o
 .debug_macro   0x000010b9       0x6a ./Core/Src/ILI9341_GFX.o
 .debug_macro   0x00001123      0x1df ./Core/Src/ILI9341_GFX.o
 .debug_macro   0x00001302       0x1c ./Core/Src/ILI9341_GFX.o
 .debug_macro   0x0000131e       0x22 ./Core/Src/ILI9341_GFX.o
 .debug_macro   0x00001340       0xd9 ./Core/Src/ILI9341_GFX.o
 .debug_macro   0x00001419     0x102d ./Core/Src/ILI9341_GFX.o
 .debug_macro   0x00002446      0x11f ./Core/Src/ILI9341_GFX.o
 .debug_macro   0x00002565    0x12a3a ./Core/Src/ILI9341_GFX.o
 .debug_macro   0x00014f9f       0x6d ./Core/Src/ILI9341_GFX.o
 .debug_macro   0x0001500c     0x3574 ./Core/Src/ILI9341_GFX.o
 .debug_macro   0x00018580      0x190 ./Core/Src/ILI9341_GFX.o
 .debug_macro   0x00018710       0x55 ./Core/Src/ILI9341_GFX.o
 .debug_macro   0x00018765      0x961 ./Core/Src/ILI9341_GFX.o
 .debug_macro   0x000190c6      0x5fe ./Core/Src/ILI9341_GFX.o
 .debug_macro   0x000196c4      0x1b5 ./Core/Src/ILI9341_GFX.o
 .debug_macro   0x00019879      0x1fb ./Core/Src/ILI9341_GFX.o
 .debug_macro   0x00019a74      0x1dc ./Core/Src/ILI9341_GFX.o
 .debug_macro   0x00019c50      0x1bc ./Core/Src/ILI9341_GFX.o
 .debug_macro   0x00019e0c       0x30 ./Core/Src/ILI9341_GFX.o
 .debug_macro   0x00019e3c       0x3c ./Core/Src/ILI9341_GFX.o
 .debug_macro   0x00019e78      0x235 ./Core/Src/ILI9341_GFX.o
 .debug_macro   0x0001a0ad       0xc5 ./Core/Src/ILI9341_GFX.o
 .debug_macro   0x0001a172      0x21d ./Core/Src/ILI9341_GFX.o
 .debug_macro   0x0001a38f      0x22c ./Core/Src/ILI9341_GFX.o
 .debug_macro   0x0001a5bb       0x5b ./Core/Src/ILI9341_GFX.o
 .debug_macro   0x0001a616       0xa5 ./Core/Src/ILI9341_GFX.o
 .debug_macro   0x0001a6bb       0x73 ./Core/Src/ILI9341_GFX.o
 .debug_macro   0x0001a72e      0x242 ./Core/Src/ILI9341_GFX.o
 .debug_macro   0x0001a970       0x81 ./Core/Src/ILI9341_GFX.o
 .debug_macro   0x0001a9f1       0xd3 ./Core/Src/ILI9341_GFX.o
 .debug_macro   0x0001aac4      0x2fe ./Core/Src/ILI9341_GFX.o
 .debug_macro   0x0001adc2      0x5ba ./Core/Src/ILI9341_GFX.o
 .debug_macro   0x0001b37c       0x3e ./Core/Src/ILI9341_GFX.o
 .debug_macro   0x0001b3ba      0x275 ./Core/Src/ILI9341_GFX.o
 .debug_macro   0x0001b62f       0xca ./Core/Src/ILI9341_GFX.o
 .debug_macro   0x0001b6f9       0x22 ./Core/Src/ILI9341_GFX.o
 .debug_macro   0x0001b71b       0x10 ./Core/Src/ILI9341_GFX.o
 .debug_macro   0x0001b72b      0x20b ./Core/Src/ILI9341_STM32_Driver.o
 .debug_macro   0x0001b936      0x20b ./Core/Src/ILI9341_Touchscreen.o
 .debug_macro   0x0001bb41       0x8f ./Core/Src/ILI9341_Touchscreen.o
 .debug_macro   0x0001bbd0       0x72 ./Core/Src/fonts.o
 .debug_macro   0x0001bc42       0x1c ./Core/Src/fonts.o
 .debug_macro   0x0001bc5e      0x235 ./Core/Src/main.o
 .debug_macro   0x0001be93      0x19c ./Core/Src/main.o
 .debug_macro   0x0001c02f       0xd0 ./Core/Src/main.o
 .debug_macro   0x0001c0ff       0x95 ./Core/Src/main.o
 .debug_macro   0x0001c194      0x20b ./Core/Src/stm32f3xx_hal_msp.o
 .debug_macro   0x0001c39f      0x215 ./Core/Src/stm32f3xx_it.o
 .debug_macro   0x0001c5b4      0x1fc ./Core/Src/system_stm32f3xx.o
 .debug_macro   0x0001c7b0      0x220 ./Drivers/STM32F3xx_HAL_Driver/Src/stm32f3xx_hal.o
 .debug_macro   0x0001c9d0      0x1fc ./Drivers/STM32F3xx_HAL_Driver/Src/stm32f3xx_hal_cortex.o
 .debug_macro   0x0001cbcc      0x1fc ./Drivers/STM32F3xx_HAL_Driver/Src/stm32f3xx_hal_dma.o
 .debug_macro   0x0001cdc8      0x203 ./Drivers/STM32F3xx_HAL_Driver/Src/stm32f3xx_hal_gpio.o
 .debug_macro   0x0001cfcb      0x2c8 ./Drivers/STM32F3xx_HAL_Driver/Src/stm32f3xx_hal_i2c.o
 .debug_macro   0x0001d293      0x1fc ./Drivers/STM32F3xx_HAL_Driver/Src/stm32f3xx_hal_i2c_ex.o
 .debug_macro   0x0001d48f      0x208 ./Drivers/STM32F3xx_HAL_Driver/Src/stm32f3xx_hal_pcd.o
 .debug_macro   0x0001d697      0x220 ./Drivers/STM32F3xx_HAL_Driver/Src/stm32f3xx_hal_rcc.o
 .debug_macro   0x0001d8b7      0x1fc ./Drivers/STM32F3xx_HAL_Driver/Src/stm32f3xx_hal_rcc_ex.o
 .debug_macro   0x0001dab3      0x204 ./Drivers/STM32F3xx_HAL_Driver/Src/stm32f3xx_hal_spi.o
 .debug_macro   0x0001dcb7      0x219 ./Drivers/STM32F3xx_HAL_Driver/Src/stm32f3xx_hal_uart.o
 .debug_macro   0x0001ded0      0x1fc ./Drivers/STM32F3xx_HAL_Driver/Src/stm32f3xx_ll_usb.o

.debug_line     0x00000000    0x14114
 .debug_line    0x00000000      0xa1e ./Core/Src/ILI9341_GFX.o
 .debug_line    0x00000a1e      0xaa9 ./Core/Src/ILI9341_STM32_Driver.o
 .debug_line    0x000014c7      0x83d ./Core/Src/ILI9341_Touchscreen.o
 .debug_line    0x00001d04      0x34f ./Core/Src/fonts.o
 .debug_line    0x00002053      0x986 ./Core/Src/main.o
 .debug_line    0x000029d9      0x85b ./Core/Src/stm32f3xx_hal_msp.o
 .debug_line    0x00003234      0x7c4 ./Core/Src/stm32f3xx_it.o
 .debug_line    0x000039f8      0x777 ./Core/Src/system_stm32f3xx.o
 .debug_line    0x0000416f       0x7a ./Core/Startup/startup_stm32f303vctx.o
 .debug_line    0x000041e9      0x9b3 ./Drivers/STM32F3xx_HAL_Driver/Src/stm32f3xx_hal.o
 .debug_line    0x00004b9c      0xc7e ./Drivers/STM32F3xx_HAL_Driver/Src/stm32f3xx_hal_cortex.o
 .debug_line    0x0000581a      0xca1 ./Drivers/STM32F3xx_HAL_Driver/Src/stm32f3xx_hal_dma.o
 .debug_line    0x000064bb      0xafe ./Drivers/STM32F3xx_HAL_Driver/Src/stm32f3xx_hal_gpio.o
 .debug_line    0x00006fb9     0x3704 ./Drivers/STM32F3xx_HAL_Driver/Src/stm32f3xx_hal_i2c.o
 .debug_line    0x0000a6bd      0x863 ./Drivers/STM32F3xx_HAL_Driver/Src/stm32f3xx_hal_i2c_ex.o
 .debug_line    0x0000af20     0x1273 ./Drivers/STM32F3xx_HAL_Driver/Src/stm32f3xx_hal_pcd.o
 .debug_line    0x0000c193     0x1512 ./Drivers/STM32F3xx_HAL_Driver/Src/stm32f3xx_hal_rcc.o
 .debug_line    0x0000d6a5      0xd4f ./Drivers/STM32F3xx_HAL_Driver/Src/stm32f3xx_hal_rcc_ex.o
 .debug_line    0x0000e3f4     0x2086 ./Drivers/STM32F3xx_HAL_Driver/Src/stm32f3xx_hal_spi.o
 .debug_line    0x0001047a     0x2c06 ./Drivers/STM32F3xx_HAL_Driver/Src/stm32f3xx_hal_uart.o
 .debug_line    0x00013080     0x1094 ./Drivers/STM32F3xx_HAL_Driver/Src/stm32f3xx_ll_usb.o

.debug_str      0x00000000    0xb0c78
 .debug_str     0x00000000    0xb0c78 ./Core/Src/ILI9341_GFX.o
                              0xac37b (size before relaxing)
 .debug_str     0x000b0c78    0xac782 ./Core/Src/ILI9341_STM32_Driver.o
 .debug_str     0x000b0c78    0xac15f ./Core/Src/ILI9341_Touchscreen.o
 .debug_str     0x000b0c78     0x3e53 ./Core/Src/fonts.o
 .debug_str     0x000b0c78    0xade39 ./Core/Src/main.o
 .debug_str     0x000b0c78    0xad1be ./Core/Src/stm32f3xx_hal_msp.o
 .debug_str     0x000b0c78    0xac734 ./Core/Src/stm32f3xx_it.o
 .debug_str     0x000b0c78    0xabf96 ./Core/Src/system_stm32f3xx.o
 .debug_str     0x000b0c78       0x80 ./Core/Startup/startup_stm32f303vctx.o
 .debug_str     0x000b0c78    0xac7d4 ./Drivers/STM32F3xx_HAL_Driver/Src/stm32f3xx_hal.o
 .debug_str     0x000b0c78    0xac858 ./Drivers/STM32F3xx_HAL_Driver/Src/stm32f3xx_hal_cortex.o
 .debug_str     0x000b0c78    0xac2de ./Drivers/STM32F3xx_HAL_Driver/Src/stm32f3xx_hal_dma.o
 .debug_str     0x000b0c78    0xac103 ./Drivers/STM32F3xx_HAL_Driver/Src/stm32f3xx_hal_gpio.o
 .debug_str     0x000b0c78    0xad296 ./Drivers/STM32F3xx_HAL_Driver/Src/stm32f3xx_hal_i2c.o
 .debug_str     0x000b0c78    0xac48d ./Drivers/STM32F3xx_HAL_Driver/Src/stm32f3xx_hal_i2c_ex.o
 .debug_str     0x000b0c78    0xac7cb ./Drivers/STM32F3xx_HAL_Driver/Src/stm32f3xx_hal_pcd.o
 .debug_str     0x000b0c78    0xac436 ./Drivers/STM32F3xx_HAL_Driver/Src/stm32f3xx_hal_rcc.o
 .debug_str     0x000b0c78    0xac1fa ./Drivers/STM32F3xx_HAL_Driver/Src/stm32f3xx_hal_rcc_ex.o
 .debug_str     0x000b0c78    0xac8bc ./Drivers/STM32F3xx_HAL_Driver/Src/stm32f3xx_hal_spi.o
 .debug_str     0x000b0c78    0xaccb9 ./Drivers/STM32F3xx_HAL_Driver/Src/stm32f3xx_hal_uart.o
 .debug_str     0x000b0c78    0xac320 ./Drivers/STM32F3xx_HAL_Driver/Src/stm32f3xx_ll_usb.o

.comment        0x00000000       0x43
 .comment       0x00000000       0x43 ./Core/Src/ILI9341_GFX.o
                                 0x44 (size before relaxing)
 .comment       0x00000043       0x44 ./Core/Src/ILI9341_STM32_Driver.o
 .comment       0x00000043       0x44 ./Core/Src/ILI9341_Touchscreen.o
 .comment       0x00000043       0x44 ./Core/Src/fonts.o
 .comment       0x00000043       0x44 ./Core/Src/main.o
 .comment       0x00000043       0x44 ./Core/Src/stm32f3xx_hal_msp.o
 .comment       0x00000043       0x44 ./Core/Src/stm32f3xx_it.o
 .comment       0x00000043       0x44 ./Core/Src/system_stm32f3xx.o
 .comment       0x00000043       0x44 ./Drivers/STM32F3xx_HAL_Driver/Src/stm32f3xx_hal.o
 .comment       0x00000043       0x44 ./Drivers/STM32F3xx_HAL_Driver/Src/stm32f3xx_hal_cortex.o
 .comment       0x00000043       0x44 ./Drivers/STM32F3xx_HAL_Driver/Src/stm32f3xx_hal_dma.o
 .comment       0x00000043       0x44 ./Drivers/STM32F3xx_HAL_Driver/Src/stm32f3xx_hal_gpio.o
 .comment       0x00000043       0x44 ./Drivers/STM32F3xx_HAL_Driver/Src/stm32f3xx_hal_i2c.o
 .comment       0x00000043       0x44 ./Drivers/STM32F3xx_HAL_Driver/Src/stm32f3xx_hal_i2c_ex.o
 .comment       0x00000043       0x44 ./Drivers/STM32F3xx_HAL_Driver/Src/stm32f3xx_hal_pcd.o
 .comment       0x00000043       0x44 ./Drivers/STM32F3xx_HAL_Driver/Src/stm32f3xx_hal_rcc.o
 .comment       0x00000043       0x44 ./Drivers/STM32F3xx_HAL_Driver/Src/stm32f3xx_hal_rcc_ex.o
 .comment       0x00000043       0x44 ./Drivers/STM32F3xx_HAL_Driver/Src/stm32f3xx_hal_spi.o
 .comment       0x00000043       0x44 ./Drivers/STM32F3xx_HAL_Driver/Src/stm32f3xx_hal_uart.o
 .comment       0x00000043       0x44 ./Drivers/STM32F3xx_HAL_Driver/Src/stm32f3xx_ll_usb.o

.debug_frame    0x00000000     0x3fa4
 .debug_frame   0x00000000      0x14c ./Core/Src/ILI9341_GFX.o
 .debug_frame   0x0000014c      0x29c ./Core/Src/ILI9341_STM32_Driver.o
 .debug_frame   0x000003e8       0x9c ./Core/Src/ILI9341_Touchscreen.o
 .debug_frame   0x00000484      0x128 ./Core/Src/main.o
 .debug_frame   0x000005ac      0x154 ./Core/Src/stm32f3xx_hal_msp.o
 .debug_frame   0x00000700      0x120 ./Core/Src/stm32f3xx_it.o
 .debug_frame   0x00000820       0x58 ./Core/Src/system_stm32f3xx.o
 .debug_frame   0x00000878      0x334 ./Drivers/STM32F3xx_HAL_Driver/Src/stm32f3xx_hal.o
 .debug_frame   0x00000bac      0x4e8 ./Drivers/STM32F3xx_HAL_Driver/Src/stm32f3xx_hal_cortex.o
 .debug_frame   0x00001094      0x224 ./Drivers/STM32F3xx_HAL_Driver/Src/stm32f3xx_hal_dma.o
 .debug_frame   0x000012b8      0x14c ./Drivers/STM32F3xx_HAL_Driver/Src/stm32f3xx_hal_gpio.o
 .debug_frame   0x00001404      0xc38 ./Drivers/STM32F3xx_HAL_Driver/Src/stm32f3xx_hal_i2c.o
 .debug_frame   0x0000203c      0x100 ./Drivers/STM32F3xx_HAL_Driver/Src/stm32f3xx_hal_i2c_ex.o
 .debug_frame   0x0000213c      0x590 ./Drivers/STM32F3xx_HAL_Driver/Src/stm32f3xx_hal_pcd.o
 .debug_frame   0x000026cc      0x214 ./Drivers/STM32F3xx_HAL_Driver/Src/stm32f3xx_hal_rcc.o
 .debug_frame   0x000028e0       0xb0 ./Drivers/STM32F3xx_HAL_Driver/Src/stm32f3xx_hal_rcc_ex.o
 .debug_frame   0x00002990      0x860 ./Drivers/STM32F3xx_HAL_Driver/Src/stm32f3xx_hal_spi.o
 .debug_frame   0x000031f0      0x9e8 ./Drivers/STM32F3xx_HAL_Driver/Src/stm32f3xx_hal_uart.o
 .debug_frame   0x00003bd8      0x380 ./Drivers/STM32F3xx_HAL_Driver/Src/stm32f3xx_ll_usb.o
 .debug_frame   0x00003f58       0x20 /opt/st/stm32cubeide_1.18.1/plugins/com.st.stm32cube.ide.mcu.externaltools.gnu-tools-for-stm32.13.3.rel1.linux64_1.0.0.202410170706/tools/bin/../lib/gcc/arm-none-eabi/13.3.1/../../../../arm-none-eabi/lib/thumb/v7e-m+fp/hard/libc_nano.a(libc_a-memset.o)
 .debug_frame   0x00003f78       0x2c /opt/st/stm32cubeide_1.18.1/plugins/com.st.stm32cube.ide.mcu.externaltools.gnu-tools-for-stm32.13.3.rel1.linux64_1.0.0.202410170706/tools/bin/../lib/gcc/arm-none-eabi/13.3.1/../../../../arm-none-eabi/lib/thumb/v7e-m+fp/hard/libc_nano.a(libc_a-init.o)

.debug_line_str
                0x00000000       0x64
 .debug_line_str
                0x00000000       0x64 ./Core/Startup/startup_stm32f303vctx.o
